
> trafikskolax@1.0.0 build
> node scripts/build-with-progress.mjs

[36m[build][0m Ensuring production env
[36m[build][0m Pre-warm Next.js cache
[36m[build][0m Running next build (SWC minify, optimized imports)
   Ôû▓ Next.js 15.2.4
   - Environments: .env

   Creating an optimized production build ...
